// Jest Snapshot v1, https://goo.gl/fbAQLP

exports[`it renders 1`] = `
<div>
  <h1
    class="large text-primary"
  >
    Sign Up
  </h1>
  <p
    class="lead"
  >
    <i
      class="fas fa-user"
    />
     Create Your Account
  </p>
  <form
    class="form"
  >
    <div
      class="form-group"
    >
      <input
        name="name"
        placeholder="Name"
        type="text"
        value=""
      />
    </div>
    <div
      class="form-group"
    >
      <input
        name="email"
        placeholder="Email Address"
        type="email"
        value=""
      />
      <small
        class="form-text"
      >
        This site uses Gravatar so if you want a profile image, use a Gravatar email
      </small>
    </div>
    <div
      class="form-group"
    >
      <input
        name="phone"
        placeholder="Mobile Phone"
        type="text"
        value=""
      />
    </div>
    <div
      class="form-group"
    >
      <input
        name="password"
        placeholder="Password"
        type="password"
        value=""
      />
    </div>
    <div
      class="form-group"
    >
      <input
        name="password2"
        placeholder="Confirm Password"
        type="password"
        value=""
      />
    </div>
    <div
      class="form-group"
    >
      <small
        class="form-text"
      >
        Choose the option(s) that best descibe you
      </small>
      <input
        name="owner"
        type="checkbox"
        value="false"
      />
       
      I am a Property Owner Looking for Property Managment Solutions
      <br />
      <input
        name="investor"
        type="checkbox"
        value="false"
      />
       
      I am Real Estate Investor Looking To Purchase My Next Deal 
      <br />
      <input
        name="vendor"
        type="checkbox"
        value="false"
      />
       
      I am Contractor Interested In Joining A network Of Service Pro's
       
      <br />
    </div>
    <input
      class="btn btn-primary"
      type="submit"
      value="Register"
    />
  </form>
  <p
    class="my-1"
  >
    Already have an account? 
    <a
      href="/login"
    >
      Sign In
    </a>
  </p>
</div>
`;
